6 Merei Larisa 2 b 4.32
7 Encea Andrei 2 b 5.96
8 Gheorghita Adriana 3 b 5.96
9 Roman Razvan 4 b 6.62
10 Petre Sorina 3 b 5.89
11 Mihoc Larisa 4 b 5.24
12 Pancila Izabela 4 b 7.46
13 Pogoran Ciprian 4 b 7.70
14 Timu Tiberiu 4 b 5.44
15 Encea Raluca 2 b 7.63
16 Riga Victor 3 b 6.12
17 Stan Diana 3 b 5.74
18 Becali Bianca 3 b 8.24
19 Lupu Elena 3 b 4.09
21 Stoica Mihai 3 b 5.41
22 Encea Cristina 2 b 5.12
23 Elena Denisa 1 b 6.54
24 Stan Ioana 1 b 7.36
25 Terzea Razvan 2 b 5.88
27 Ionescu Ioana 1 b 6.15
28 Rebej Adriana 2 b 4.22
29 Gheorghita Ana 4 b 5.32
31 Popescu Ciprian 1 b 9.11
32 Timofte Bianca 1 b 8.26
33 Mihoc Ioana 3 b 7.03
34 Lupu Dragos 4 b 5.95
36 Mihoc Adriana 4 b 4.60
37 Petic Raluca 2 b 7.57
38 Rebej Stefan 4 b 6.95
39 Ionescu Adriana 1 b 8.41
40 Dumitru Adriana 2 b 9.02
41 Constantin Tiberiu 2 b 6.22
42 Stan Ioana 2 b 6.16
43 Stan Adrian 1 b 3.10
44 Georgescu Florentina 3 b 7.48
45 Roman Nicoleta 3 b 5.21
46 Popescu Dragos 1 b 5.65
47 Mihalt Larisa 1 b 6.00
49 Constantin Andrei 2 b 8.25
50 Constantin Denisa 1 b 4.52
51 Iliescu Tiberiu 4 b 7.22
52 Ciobanu Teodor 2 b 7.36
53 Becali Nicoleta 4 b 6.21
54 Ionescu Mihai 4 b 9.00
55 Grigore Razvan 1 b 8.92
56 Pirvan Sorina 1 b 8.48
57 Tudor Sorina 3 b 7.16
58 Terzea Marian 1 b 7.61
59 Mihalt Cristina 1 b 6.07
61 Mihalt Bianca 4 b 6.21
62 Grigore Elena 1 b 5.63
63 Ionescu Sorina 3 b 6.37
64 Radu Florentina 4 b 7.38
65 Tudor Sorina 4 b 5.77
66 Pancila Adriana 3 b 6.40
68 Georgescu Alina 4 b 6.70
69 Dragan Cristina 1 b 7.39
70 Iliescu Victor 1 b 6.49
71 Stan Bianca 3 b 6.99
72 Pancila Dragos 3 b 7.35
73 Pirvan Victor 4 b 3.06
74 Roman Daniela 4 b 7.37
75 Moldovan Bianca 3 b 7.10
77 Timu Razvan 2 b 7.59
78 Radu Gabriel 1 b 4.94
79 Roata Teodor 2 b 6.03
80 Iliescu Alina 4 b 4.73
81 Petre Daniela 1 b 4.92
82 Ciobanu Nicoleta 1 b 6.43
83 Petre Izabela 3 b 4.07
84 Moldovan Tiberiu 2 b 6.46
85 Timu Dragos 4 b 3.73
86 Sandu Andrei 4 b 6.79
87 Gheorghita Maria 1 b 7.55
88 Riga Maria 3 b 6.12
89 Sandu Diana 4 b 4.89
90 Petrescu Alina 1 b 7.14
91 Encea Vlad 4 b 6.35
92 Trandaf Ana 3 b 6.38
94 Ionescu Maria 2 b 7.78
96 Trandaf Vlad 3 b 6.43
97 Grigore Vlad 4 b 6.41
98 Nicolescu Ana 4 b 7.06
99 Rebej Razvan 4 b 7.70
20
32
33
34
35
51
56
62
70
71
75
81
83
87
18
2
13
