0 USO Roman Florentina
1 PCLP1 Pancila Daniela
2 SDA Ionescu Diana
3 Fizica Petrescu Cristina
4 SO Gheorghita Daniela
5 Analiza Tudor Alina
6 MN Sandu Nicoleta
7 EGC Petic Vlad
8 Algebra Sarbu Daniela
3.37 2.00 3.35 7
2.65 2.00 2.07 6
2.12 2.00 3.28 4
2.34 0.39 0.11 8
3.30 1.95 3.05 8
2.22 1.50 3.08 0
2.56 0.73 0.25 3
2.78 0.37 2.61 1
0.96 1.17 3.57 8
1.62 0.73 2.73 6
3.60 0.79 3.35 4
2.94 1.66 4.00 8
1.72 1.15 2.49 6
2.33 2.00 3.10 4
2.91 1.54 1.35 7
2.06 0.17 2.20 2
0.00 1.19 2.55 6
0.00 2.00 3.32 1
0.16 2.00 2.56 6
0.00 1.88 3.76 4
2.40 2.00 2.15 6
1.29 0.66 3.08 1
1.94 0.00 4.00 4
2.73 1.21 2.39 8
2.01 1.17 2.80 4
