Nicolescu Elena 7.61
Trandaf Denisa 6.21
Ionescu Teodor 5.51
Popescu Adrian 7.74
Encea Cristina 7.13
Roman Denisa 5.23
Ionescu Florentina 5.84
Petrescu Florentina 6.16
Petrescu Cristina
